// Jest Snapshot v1, https://goo.gl/fbAQLP

exports[`<Menu /> should render properly 1`] = `
<styled.div
  showMenu={true}
>
  <div
    className="menu-action"
  >
    <div />
    <BmwLogo />
    <button
      onClick={[MockFunction]}
      type="button"
    >
      ×
    </button>
  </div>
  <ul>
    <li>
      <a
        href="#info"
        onClick={[MockFunction]}
      >
        NOWE BMW iX
      </a>
    </li>
    <li>
      <a
        href="#info2"
        onClick={[MockFunction]}
      >
        INNOWACYJNA AERODYNAMIKA
      </a>
    </li>
    <li>
      <a
        href="#gallery"
        onClick={[MockFunction]}
      >
        GALERIA
      </a>
    </li>
  </ul>
  <styled.button
    onClick={[MockFunction]}
  >
    <a
      href="#contact"
    >
      UMÓW JAZDĘ PRÓBNĄ
    </a>
  </styled.button>
</styled.div>
`;
