// Jest Snapshot v1, https://goo.gl/fbAQLP

exports[`<Footer /> should render Footer properly 1`] = `
<styled.footer>
  <div
    className="wrapper"
  >
    <div
      className="socials"
    >
      <span>
        Dołącz do nas
      </span>
      <div
        className="socials__icons"
      >
        <FacebookIcon />
        <InstagramIcon />
        <YoutubeIcon />
        <LinkedinIcon />
        <TwitterIcon />
      </div>
    </div>
    <div
      className="footer-links"
    >
      <FooterLinksBlock
        elements={
          Array [
            "Centrum Obsługi Klienta BMW",
            "Znajdź dealera BMW",
            "Pobierz cenniki / broszury",
            "Często zadawane pytania",
          ]
        }
        title="Strefa Klienta"
      />
      <FooterLinksBlock
        elements={
          Array [
            "Informacje prasowe",
            "BMW Polska",
            "Kariera",
          ]
        }
        title="Poznaj BMW"
      />
      <FooterLinksBlock
        elements={
          Array [
            "Mapa serwisu",
            "Nota prawna / Prywatność",
            "Polityka cookie",
            "Warunki korzystania z MyBMW",
          ]
        }
        title="Informacje prawne"
      />
    </div>
  </div>
  <div
    className="copyright-wrapper"
  >
    <div
      className="copyright"
    >
      © BMW Polska 2020
    </div>
  </div>
</styled.footer>
`;
