// Jest Snapshot v1, https://goo.gl/fbAQLP

exports[`<Pagination /> should render Pagination Component properly 1`] = `
<styled.ul>
  <li>
    <label
      className="container"
    >
      <input
        checked={true}
        data-testid="pag1"
        id="pag1"
        name="pagination"
        onChange={[Function]}
        type="radio"
      />
      <span
        aria-checked={true}
        aria-label="Switch slide"
        className="checkmark"
        role="radio"
      />
    </label>
  </li>
  <li>
    <label
      className="container"
    >
      <input
        checked={false}
        data-testid="pag2"
        id="pag2"
        name="pagination"
        onChange={[Function]}
        type="radio"
      />
      <span
        aria-checked={true}
        aria-label="Switch slide"
        className="checkmark"
        role="radio"
      />
    </label>
  </li>
  <li>
    <label
      className="container"
    >
      <input
        checked={false}
        data-testid="pag3"
        id="pag3"
        name="pagination"
        onChange={[Function]}
        type="radio"
      />
      <span
        aria-checked={true}
        aria-label="Switch slide"
        className="checkmark"
        role="radio"
      />
    </label>
  </li>
</styled.ul>
`;
